// Jest Snapshot v1, https://goo.gl/fbAQLP

exports[`Footer tests renders correctly 1`] = `
<div>
  <footer
    class="footerContainer"
  >
    <div>
      <h3>
        Contact Us
      </h3>
      <p>
        Phone: (XXX) XXX-XXXX
      </p>
      <p>
        Email: 
        <a
          class="email"
          href="mailto:rescuePrjHumane@placeholder.com"
        >
          rescuePrjHumane@placeholder.com
        </a>
      </p>
      <p>
        #XXX XX-th Ave NE, Seattle, WA 98105
      </p>
    </div>
    <div>
      <h3>
        Adoption Hours
      </h3>
      <p>
        Mon - Thu: 12 a.m. - 6 p.m.
      </p>
      <p>
        Fri - Sun: 10 a.m. - 8 p.m.
      </p>
    </div>
  </footer>
</div>
`;
