// Jest Snapshot v1, https://goo.gl/fbAQLP

exports[`AboutUs tests renders correctly 1`] = `
<div>
  <div
    class="aboutUsPageContainer"
  >
    <img
      alt="Pet Owner Washing His Dog"
      class="imgAtBack"
      src="https://github.com/viobai/seainfo6150-final-project-webapp/blob/master/src/images/aboutUsImg.png?raw=true"
    />
    <div
      class="column"
    >
      <div
        class="card"
      >
        <h2
          class="subTitle"
        >
          Mission Statement
        </h2>
        <p>
          Seattle Humane promotes the human-animal bond by saving and serving pets in need, regardless of age, ability, circumstance or geography.
        </p>
      </div>
      <div
        class="card"
      >
        <h2
          class="subTitle"
        >
          Volunteer Opportunities
        </h2>
        <p>
          <span
            class="update"
          >
            *** Covid-19 Updates: due to the current pandemic, we are not taking in any new volunteers. Stay safe! ***
          </span>
        </p>
        <p>
          We welcome volunteers in all ages and regardless of experience! Feel free to shoot us an email, give a call or even visit us in person to request for more details.
        </p>
      </div>
      <div
        class="card"
      >
        <h2
          class="subTitle"
        >
          Financials
        </h2>
        <p>
          <span
            class="orgName"
          >
            Rescue Project: Humane
          </span>
           is nonprofit organization. We value transparency, our financial statements are made available to the public by the end of each tax season.
        </p>
        <p>
          Our tax-ID is XX-XXXXXXX and donations are tax-deductible to the extent allowed by law.
        </p>
      </div>
    </div>
  </div>
</div>
`;
